[1/27] Building CXX object CMakeFiles/drone_mapper_simulation_test.dir/tests/integration/test_integration_real_algorithm.cpp.o
