Detecting compiler hash for triplet x64-linux...
Compiler found: /usr/bin/c++
The following packages are already installed:
  * fmt:x64-linux@12.1.0
  * gsl-lite:x64-linux@1.1.0
    gtest:x64-linux@1.17.0#2
    mp-units:x64-linux@2.5.0
    tinynpy:x64-linux@1.1
  * vcpkg-cmake:x64-linux@2024-04-23
  * vcpkg-cmake-config:x64-linux@2024-05-23
    yaml-cpp:x64-linux@0.9.0#1
  * zlib:x64-linux@1.3.2#1
The package gtest is compatible with built-in CMake targets:

    enable_testing()
    
    find_package(GTest CONFIG REQUIRED)
    target_link_libraries(main PRIVATE GTest::gtest GTest::gtest_main GTest::gmock GTest::gmock_main)
    
    add_test(AllTestsInMain main)

mp-units provides CMake targets:

  # this is heuristically generated, and may not be correct
  find_package(mp-units CONFIG REQUIRED)
  target_link_libraries(main PRIVATE mp-units::core mp-units::systems mp-units::mp-units mp-units::mp-units-contracts)

tinynpy provides CMake targets:

  # this is heuristically generated, and may not be correct
  find_package(TinyNPY CONFIG REQUIRED)
  target_link_libraries(main PRIVATE TinyNPY::TinyNPY)

yaml-cpp provides CMake targets:

  # this is heuristically generated, and may not be correct
  find_package(yaml-cpp CONFIG REQUIRED)
  target_link_libraries(main PRIVATE yaml-cpp::yaml-cpp)

yaml-cpp provides pkg-config modules:

  # A YAML parser and emitter for C++
  yaml-cpp

All requested installations completed successfully in: 7.9 ms
